// Jest Snapshot v1, https://goo.gl/fbAQLP

exports[`createRef should return a ref function and stream 1`] = `
Array [
  null,
  <div />,
  null,
]
`;
